---
source: crates/ffmpeg/src/io/output.rs
expression: get_boxes!(output)
---
[
    Ftyp(
        Ftyp {
            header: BoxHeader {
                box_type: b"ftyp",
            },
            major_brand: Unknown(
                [
                    105,
                    115,
                    111,
                    109,
                ],
            ),
            minor_version: 512,
            compatible_brands: [
                Unknown(
                    [
                        105,
                        115,
                        111,
                        109,
                    ],
                ),
                Iso6,
                Unknown(
                    [
                        105,
                        115,
                        111,
                        50,
                    ],
                ),
                Avc1,
                Mp41,
            ],
        },
    ),
    Moov(
        Moov {
            header: BoxHeader {
                box_type: b"moov",
            },
            mvhd: Mvhd {
                header: FullBoxHeader {
                    header: BoxHeader {
                        box_type: b"mvhd",
                    },
                    version: 0,
                    flags: 0,
                },
                creation_time: 0,
                modification_time: 0,
                timescale: 1000,
                duration: 0,
                rate: 1,
                volume: 1,
                reserved: 0,
                reserved2: [
                    0,
                    0,
                ],
                matrix: [
                    65536,
                    0,
                    0,
                    0,
                    65536,
                    0,
                    0,
                    0,
                    1073741824,
                ],
                pre_defined: [
                    0,
                    0,
                    0,
                    0,
                    0,
                    0,
                ],
                next_track_id: 2,
            },
            traks: [
                Trak {
                    header: BoxHeader {
                        box_type: b"trak",
                    },
                    tkhd: Tkhd {
                        header: FullBoxHeader {
                            header: BoxHeader {
                                box_type: b"tkhd",
                            },
                            version: 0,
                            flags: 3,
                        },
                        creation_time: 0,
                        modification_time: 0,
                        track_id: 1,
                        reserved: 0,
                        duration: 0,
                        reserved2: [
                            0,
                            0,
                        ],
                        layer: 0,
                        alternate_group: 0,
                        volume: 0,
                        reserved3: 0,
                        matrix: [
                            65536,
                            0,
                            0,
                            0,
                            65536,
                            0,
                            0,
                            0,
                            1073741824,
                        ],
                        width: 480,
                        height: 852,
                    },
                    edts: None,
                    mdia: Mdia {
                        header: BoxHeader {
                            box_type: b"mdia",
                        },
                        mdhd: Mdhd {
                            header: FullBoxHeader {
                                header: BoxHeader {
                                    box_type: b"mdhd",
                                },
                                version: 0,
                                flags: 0,
                            },
                            creation_time: 0,
                            modification_time: 0,
                            timescale: 15360,
                            duration: 0,
                            language: 21956,
                            pre_defined: 0,
                        },
                        hdlr: Hdlr {
                            header: FullBoxHeader {
                                header: BoxHeader {
                                    box_type: b"hdlr",
                                },
                                version: 0,
                                flags: 0,
                            },
                            pre_defined: 0,
                            handler_type: Vide,
                            reserved: [
                                0,
                                0,
                                0,
                            ],
                            name: "VideoHandler",
                        },
                        minf: Minf {
                            header: BoxHeader {
                                box_type: b"minf",
                            },
                            vmhd: Some(
                                Vmhd {
                                    header: FullBoxHeader {
                                        header: BoxHeader {
                                            box_type: b"vmhd",
                                        },
                                        version: 0,
                                        flags: 1,
                                    },
                                    graphics_mode: 0,
                                    opcolor: [
                                        0,
                                        0,
                                        0,
                                    ],
                                },
                            ),
                            smhd: None,
                            hmhd: None,
                            nmhd: None,
                            dinf: Dinf {
                                header: BoxHeader {
                                    box_type: b"dinf",
                                },
                                dref: Dref {
                                    header: FullBoxHeader {
                                        header: BoxHeader {
                                            box_type: b"dref",
                                        },
                                        version: 0,
                                        flags: 0,
                                    },
                                    entries: [
                                        Url(
                                            Url {
                                                header: FullBoxHeader {
                                                    header: BoxHeader {
                                                        box_type: b"url ",
                                                    },
                                                    version: 0,
                                                    flags: 1,
                                                },
                                                location: None,
                                            },
                                        ),
                                    ],
                                },
                                unknown: [],
                            },
                            stbl: Stbl {
                                header: BoxHeader {
                                    box_type: b"stbl",
                                },
                                stsd: Stsd {
                                    header: FullBoxHeader {
                                        header: BoxHeader {
                                            box_type: b"stsd",
                                        },
                                        version: 0,
                                        flags: 0,
                                    },
                                    entries: [
                                        Avc1(
                                            Avc1 {
                                                header: BoxHeader {
                                                    box_type: b"avc1",
                                                },
                                                visual_sample_entry: SampleEntry {
                                                    reserved: [
                                                        0,
                                                        0,
                                                        0,
                                                        0,
                                                        0,
                                                        0,
                                                    ],
                                                    data_reference_index: 1,
                                                    extension: VisualSampleEntry {
                                                        pre_defined: 0,
                                                        reserved: 0,
                                                        pre_defined2: [
                                                            0,
                                                            0,
                                                            0,
                                                        ],
                                                        width: 480,
                                                        height: 852,
                                                        horizresolution: 4718592,
                                                        vertresolution: 4718592,
                                                        reserved2: 0,
                                                        frame_count: 1,
                                                        compressorname: [
                                                            0,
                                                            0,
                                                            0,
                                                            0,
                                                            0,
                                                            0,
                                                            0,
                                                            0,
                                                            0,
                                                            0,
                                                            0,
                                                            0,
                                                            0,
                                                            0,
                                                            0,
                                                            0,
                                                            0,
                                                            0,
                                                            0,
                                                            0,
                                                            0,
                                                            0,
                                                            0,
                                                            0,
                                                            0,
                                                            0,
                                                            0,
                                                            0,
                                                            0,
                                                            0,
                                                            0,
                                                            0,
                                                        ],
                                                        depth: 24,
                                                        pre_defined3: -1,
                                                        clap: None,
                                                        colr: Some(
                                                            Colr {
                                                                header: BoxHeader {
                                                                    box_type: b"colr",
                                                                },
                                                                color_type: Nclx {
                                                                    color_primaries: 1,
                                                                    transfer_characteristics: 1,
                                                                    matrix_coefficients: 1,
                                                                    full_range_flag: false,
                                                                },
                                                            },
                                                        ),
                                                        pasp: None,
                                                    },
                                                },
                                                avcc: AvcC {
                                                    header: BoxHeader {
                                                        box_type: b"avcC",
                                                    },
                                                    avc_decoder_configuration_record: AVCDecoderConfigurationRecord {
                                                        configuration_version: 1,
                                                        profile_indication: 100,
                                                        profile_compatibility: 0,
                                                        level_indication: 31,
                                                        length_size_minus_one: 3,
                                                        sps: [
                                                            Sps {
                                                                emu_bytes: 2,
                                                                forbidden_zero_bit: false,
                                                                nal_ref_idc: 3,
                                                                nal_unit_type: NALUnitType::SPS,
                                                                profile_idc: 100,
                                                                constraint_set0_flag: false,
                                                                constraint_set1_flag: false,
                                                                constraint_set2_flag: false,
                                                                constraint_set3_flag: false,
                                                                constraint_set4_flag: false,
                                                                constraint_set5_flag: false,
                                                                level_idc: 31,
                                                                seq_parameter_set_id: 0,
                                                                ext: Some(
                                                                    SpsExtended {
                                                                        chroma_format_idc: 1,
                                                                        separate_color_plane_flag: false,
                                                                        bit_depth_luma_minus8: 0,
                                                                        bit_depth_chroma_minus8: 0,
                                                                        qpprime_y_zero_transform_bypass_flag: false,
                                                                        scaling_matrix: [],
                                                                    },
                                                                ),
                                                                log2_max_frame_num_minus4: 0,
                                                                pic_order_cnt_type: 0,
                                                                log2_max_pic_order_cnt_lsb_minus4: Some(
                                                                    2,
                                                                ),
                                                                pic_order_cnt_type1: None,
                                                                max_num_ref_frames: 4,
                                                                gaps_in_frame_num_value_allowed_flag: false,
                                                                pic_width_in_mbs_minus1: 29,
                                                                pic_height_in_map_units_minus1: 53,
                                                                mb_adaptive_frame_field_flag: None,
                                                                direct_8x8_inference_flag: true,
                                                                frame_crop_info: Some(
                                                                    FrameCropInfo {
                                                                        frame_crop_left_offset: 0,
                                                                        frame_crop_right_offset: 0,
                                                                        frame_crop_top_offset: 0,
                                                                        frame_crop_bottom_offset: 6,
                                                                    },
                                                                ),
                                                                sample_aspect_ratio: None,
                                                                overscan_appropriate_flag: None,
                                                                color_config: Some(
                                                                    ColorConfig {
                                                                        video_format: VideoFormat::Unspecified,
                                                                        video_full_range_flag: false,
                                                                        color_primaries: 1,
                                                                        transfer_characteristics: 1,
                                                                        matrix_coefficients: 1,
                                                                    },
                                                                ),
                                                                chroma_sample_loc: None,
                                                                timing_info: Some(
                                                                    TimingInfo {
                                                                        num_units_in_tick: 1,
                                                                        time_scale: 60,
                                                                    },
                                                                ),
                                                            },
                                                        ],
                                                        pps: [
                                                            b"h\xeb\xe3\xcb\"\xc0",
                                                        ],
                                                        extended_config: Some(
                                                            AvccExtendedConfig {
                                                                chroma_format_idc: 1,
                                                                bit_depth_luma_minus8: 0,
                                                                bit_depth_chroma_minus8: 0,
                                                                sequence_parameter_set_ext: [],
                                                            },
                                                        ),
                                                    },
                                                },
                                                btrt: Some(
                                                    Btrt {
                                                        header: BoxHeader {
                                                            box_type: b"btrt",
                                                        },
                                                        buffer_size_db: 0,
                                                        max_bitrate: 1357558,
                                                        avg_bitrate: 1357558,
                                                    },
                                                ),
                                                unknown: [],
                                            },
                                        ),
                                    ],
                                },
                                stts: Stts {
                                    header: FullBoxHeader {
                                        header: BoxHeader {
                                            box_type: b"stts",
                                        },
                                        version: 0,
                                        flags: 0,
                                    },
                                    entries: [],
                                },
                                ctts: None,
                                stsc: Stsc {
                                    header: FullBoxHeader {
                                        header: BoxHeader {
                                            box_type: b"stsc",
                                        },
                                        version: 0,
                                        flags: 0,
                                    },
                                    entries: [],
                                },
                                stsz: Some(
                                    Stsz {
                                        header: FullBoxHeader {
                                            header: BoxHeader {
                                                box_type: b"stsz",
                                            },
                                            version: 0,
                                            flags: 0,
                                        },
                                        sample_size: 0,
                                        samples: [],
                                    },
                                ),
                                stz2: None,
                                stco: Stco {
                                    header: FullBoxHeader {
                                        header: BoxHeader {
                                            box_type: b"stco",
                                        },
                                        version: 0,
                                        flags: 0,
                                    },
                                    entries: [],
                                },
                                co64: None,
                                stss: None,
                                stsh: None,
                                padb: None,
                                stdp: None,
                                sdtp: None,
                                sbgp: None,
                                subs: None,
                                unknown: [],
                            },
                            unknown: [],
                        },
                        unknown: [],
                    },
                    unknown: [],
                },
            ],
            mvex: Some(
                Mvex {
                    header: BoxHeader {
                        box_type: b"mvex",
                    },
                    trex: [
                        Trex {
                            header: FullBoxHeader {
                                header: BoxHeader {
                                    box_type: b"trex",
                                },
                                version: 0,
                                flags: 0,
                            },
                            track_id: 1,
                            default_sample_description_index: 1,
                            default_sample_duration: 0,
                            default_sample_size: 0,
                            default_sample_flags: 0,
                        },
                    ],
                    mehd: None,
                    unknown: [],
                },
            ),
            unknown: [
                Unknown(
                    (
                        BoxHeader {
                            box_type: b"udta",
                        },
                        b"\0\0\0Ymeta\0\0\0\0\0\0\0!hdlr\0\0\0\0\0\0\0\0mdirappl\0\0\0\0\0\0\0\0\0\0\0\0,ilst\0\0\0$\xa9too\0\0\0\x1cdata\0\0\0\x01\0\0\0\0Lavf61.7.100",
                    ),
                ),
            ],
        },
    ),
]
